MPLINK 4.49, Linker
Linker Map File - Created Fri Feb 16 07:27:09 2018

                                 Section Info
                  Section       Type    Address   Location Size(Bytes)
                ---------  ---------  ---------  ---------  ---------
                   .org_0       code   0x000000    program   0x000000
                   .org_1       code   0x000000    program   0x000002
                   .org_2       code   0x000005    program   0x000036
.config_2007_PRACTICA 3.O       code   0x002007    program   0x000002



                              Program Memory Usage 
                               Start         End      
                           ---------   ---------      
                            0x000000    0x000000      
                            0x000005    0x00001f      
                            0x002007    0x002007      
            29 out of 1093 program addresses used, program memory utilization is 2%



                              Symbols - Sorted by Name
                     Name    Address   Location    Storage File                     
                ---------  ---------  ---------  --------- ---------                
               Loopoffra3   0x00000e    program     static C:\Users\Samir\Documents\MPLAB\Microprocesadores\Práctica 3\Practica 3.asm
                  Loopra3   0x00000b    program     static C:\Users\Samir\Documents\MPLAB\Microprocesadores\Práctica 3\Practica 3.asm
                 Loopread   0x000011    program     static C:\Users\Samir\Documents\MPLAB\Microprocesadores\Práctica 3\Practica 3.asm
                     Main   0x000005    program     static C:\Users\Samir\Documents\MPLAB\Microprocesadores\Práctica 3\Practica 3.asm
                    Table   0x000016    program     static C:\Users\Samir\Documents\MPLAB\Microprocesadores\Práctica 3\Practica 3.asm



                              Symbols - Sorted by Address
                     Name    Address   Location    Storage File                     
                ---------  ---------  ---------  --------- ---------                
                     Main   0x000005    program     static C:\Users\Samir\Documents\MPLAB\Microprocesadores\Práctica 3\Practica 3.asm
                  Loopra3   0x00000b    program     static C:\Users\Samir\Documents\MPLAB\Microprocesadores\Práctica 3\Practica 3.asm
               Loopoffra3   0x00000e    program     static C:\Users\Samir\Documents\MPLAB\Microprocesadores\Práctica 3\Practica 3.asm
                 Loopread   0x000011    program     static C:\Users\Samir\Documents\MPLAB\Microprocesadores\Práctica 3\Practica 3.asm
                    Table   0x000016    program     static C:\Users\Samir\Documents\MPLAB\Microprocesadores\Práctica 3\Practica 3.asm


