MPLINK 4.49, Linker
Linker Map File - Created Mon Apr 09 15:39:36 2018

                                 Section Info
                  Section       Type    Address   Location Size(Bytes)
                ---------  ---------  ---------  ---------  ---------
                   .org_0       code   0x000000    program   0x000000
                   .org_1       code   0x000000    program   0x000002
                   .org_2       code   0x000005    program   0x000114
.config_2007_PRACTICA 12.O       code   0x002007    program   0x000002



                              Program Memory Usage 
                               Start         End      
                           ---------   ---------      
                            0x000000    0x000000      
                            0x000005    0x00008e      
                            0x002007    0x002007      
            140 out of 1094 program addresses used, program memory utilization is 12%



                              Symbols - Sorted by Name
                     Name    Address   Location    Storage File                     
                ---------  ---------  ---------  --------- ---------                
                Character   0x00007e    program     static C:\Users\Samir\Documents\MPLAB\Microprocesadores\Práctica 12\Practica 12.asm
         Character_Inicia   0x00004d    program     static C:\Users\Samir\Documents\MPLAB\Microprocesadores\Práctica 12\Practica 12.asm
                  Control   0x000080    program     static C:\Users\Samir\Documents\MPLAB\Microprocesadores\Práctica 12\Practica 12.asm
           Control_Inicia   0x00004f    program     static C:\Users\Samir\Documents\MPLAB\Microprocesadores\Práctica 12\Practica 12.asm
                 DelayLCD   0x000055    program     static C:\Users\Samir\Documents\MPLAB\Microprocesadores\Práctica 12\Practica 12.asm
           DelayLCD_Start   0x000086    program     static C:\Users\Samir\Documents\MPLAB\Microprocesadores\Práctica 12\Practica 12.asm
                   Keypad   0x00000e    program     static C:\Users\Samir\Documents\MPLAB\Microprocesadores\Práctica 12\Practica 12.asm
               LCD_Inicia   0x00002d    program     static C:\Users\Samir\Documents\MPLAB\Microprocesadores\Práctica 12\Practica 12.asm
                LCD_Start   0x00005d    program     static C:\Users\Samir\Documents\MPLAB\Microprocesadores\Práctica 12\Practica 12.asm
                     Load   0x000081    program     static C:\Users\Samir\Documents\MPLAB\Microprocesadores\Práctica 12\Practica 12.asm
              Load_Inicia   0x000050    program     static C:\Users\Samir\Documents\MPLAB\Microprocesadores\Práctica 12\Practica 12.asm
               Loopcount2   0x000057    program     static C:\Users\Samir\Documents\MPLAB\Microprocesadores\Práctica 12\Practica 12.asm
         Loopcount2_Start   0x000088    program     static C:\Users\Samir\Documents\MPLAB\Microprocesadores\Práctica 12\Practica 12.asm
                  Loopdec   0x000059    program     static C:\Users\Samir\Documents\MPLAB\Microprocesadores\Práctica 12\Practica 12.asm
            Loopdec_Start   0x00008a    program     static C:\Users\Samir\Documents\MPLAB\Microprocesadores\Práctica 12\Practica 12.asm
                     Main   0x000005    program     static C:\Users\Samir\Documents\MPLAB\Microprocesadores\Práctica 12\Practica 12.asm
                  Restart   0x000062    program     static C:\Users\Samir\Documents\MPLAB\Microprocesadores\Práctica 12\Practica 12.asm
           Restart_Inicia   0x000032    program     static C:\Users\Samir\Documents\MPLAB\Microprocesadores\Práctica 12\Practica 12.asm
                     Show   0x000063    program     static C:\Users\Samir\Documents\MPLAB\Microprocesadores\Práctica 12\Practica 12.asm
              Show_Inicia   0x000033    program     static C:\Users\Samir\Documents\MPLAB\Microprocesadores\Práctica 12\Practica 12.asm
                    Table   0x00001b    program     static C:\Users\Samir\Documents\MPLAB\Microprocesadores\Práctica 12\Practica 12.asm
             Table_Inicia   0x00003e    program     static C:\Users\Samir\Documents\MPLAB\Microprocesadores\Práctica 12\Practica 12.asm
              Table_Start   0x00006e    program     static C:\Users\Samir\Documents\MPLAB\Microprocesadores\Práctica 12\Practica 12.asm



                              Symbols - Sorted by Address
                     Name    Address   Location    Storage File                     
                ---------  ---------  ---------  --------- ---------                
                     Main   0x000005    program     static C:\Users\Samir\Documents\MPLAB\Microprocesadores\Práctica 12\Practica 12.asm
                   Keypad   0x00000e    program     static C:\Users\Samir\Documents\MPLAB\Microprocesadores\Práctica 12\Practica 12.asm
                    Table   0x00001b    program     static C:\Users\Samir\Documents\MPLAB\Microprocesadores\Práctica 12\Practica 12.asm
               LCD_Inicia   0x00002d    program     static C:\Users\Samir\Documents\MPLAB\Microprocesadores\Práctica 12\Practica 12.asm
           Restart_Inicia   0x000032    program     static C:\Users\Samir\Documents\MPLAB\Microprocesadores\Práctica 12\Practica 12.asm
              Show_Inicia   0x000033    program     static C:\Users\Samir\Documents\MPLAB\Microprocesadores\Práctica 12\Practica 12.asm
             Table_Inicia   0x00003e    program     static C:\Users\Samir\Documents\MPLAB\Microprocesadores\Práctica 12\Practica 12.asm
         Character_Inicia   0x00004d    program     static C:\Users\Samir\Documents\MPLAB\Microprocesadores\Práctica 12\Practica 12.asm
           Control_Inicia   0x00004f    program     static C:\Users\Samir\Documents\MPLAB\Microprocesadores\Práctica 12\Practica 12.asm
              Load_Inicia   0x000050    program     static C:\Users\Samir\Documents\MPLAB\Microprocesadores\Práctica 12\Practica 12.asm
                 DelayLCD   0x000055    program     static C:\Users\Samir\Documents\MPLAB\Microprocesadores\Práctica 12\Practica 12.asm
               Loopcount2   0x000057    program     static C:\Users\Samir\Documents\MPLAB\Microprocesadores\Práctica 12\Practica 12.asm
                  Loopdec   0x000059    program     static C:\Users\Samir\Documents\MPLAB\Microprocesadores\Práctica 12\Practica 12.asm
                LCD_Start   0x00005d    program     static C:\Users\Samir\Documents\MPLAB\Microprocesadores\Práctica 12\Practica 12.asm
                  Restart   0x000062    program     static C:\Users\Samir\Documents\MPLAB\Microprocesadores\Práctica 12\Practica 12.asm
                     Show   0x000063    program     static C:\Users\Samir\Documents\MPLAB\Microprocesadores\Práctica 12\Practica 12.asm
              Table_Start   0x00006e    program     static C:\Users\Samir\Documents\MPLAB\Microprocesadores\Práctica 12\Practica 12.asm
                Character   0x00007e    program     static C:\Users\Samir\Documents\MPLAB\Microprocesadores\Práctica 12\Practica 12.asm
                  Control   0x000080    program     static C:\Users\Samir\Documents\MPLAB\Microprocesadores\Práctica 12\Practica 12.asm
                     Load   0x000081    program     static C:\Users\Samir\Documents\MPLAB\Microprocesadores\Práctica 12\Practica 12.asm
           DelayLCD_Start   0x000086    program     static C:\Users\Samir\Documents\MPLAB\Microprocesadores\Práctica 12\Practica 12.asm
         Loopcount2_Start   0x000088    program     static C:\Users\Samir\Documents\MPLAB\Microprocesadores\Práctica 12\Practica 12.asm
            Loopdec_Start   0x00008a    program     static C:\Users\Samir\Documents\MPLAB\Microprocesadores\Práctica 12\Practica 12.asm


