MPLINK 4.49, Linker
Linker Map File - Created Fri Mar 30 19:40:21 2018

                                 Section Info
                  Section       Type    Address   Location Size(Bytes)
                ---------  ---------  ---------  ---------  ---------
                   .org_0       code   0x000000    program   0x000000
                   .org_1       code   0x000000    program   0x000002
                   .org_2       code   0x000005    program   0x000044
.config_2007_PRACTICA 8.O       code   0x002007    program   0x000002



                              Program Memory Usage 
                               Start         End      
                           ---------   ---------      
                            0x000000    0x000000      
                            0x000005    0x000026      
                            0x002007    0x002007      
            36 out of 1093 program addresses used, program memory utilization is 3%



                              Symbols - Sorted by Name
                     Name    Address   Location    Storage File                     
                ---------  ---------  ---------  --------- ---------                
                    Delay   0x00001a    program     static C:\Users\Samir\Documents\MPLAB\Microprocesadores\Práctica 8\Practica 8.asm
               Loopcount2   0x00001c    program     static C:\Users\Samir\Documents\MPLAB\Microprocesadores\Práctica 8\Practica 8.asm
               Loopcount3   0x00001e    program     static C:\Users\Samir\Documents\MPLAB\Microprocesadores\Práctica 8\Practica 8.asm
                  Loopdec   0x000020    program     static C:\Users\Samir\Documents\MPLAB\Microprocesadores\Práctica 8\Practica 8.asm
                  Looprb0   0x00000e    program     static C:\Users\Samir\Documents\MPLAB\Microprocesadores\Práctica 8\Practica 8.asm
                  Looprb1   0x000014    program     static C:\Users\Samir\Documents\MPLAB\Microprocesadores\Práctica 8\Practica 8.asm
                     Main   0x000005    program     static C:\Users\Samir\Documents\MPLAB\Microprocesadores\Práctica 8\Practica 8.asm



                              Symbols - Sorted by Address
                     Name    Address   Location    Storage File                     
                ---------  ---------  ---------  --------- ---------                
                     Main   0x000005    program     static C:\Users\Samir\Documents\MPLAB\Microprocesadores\Práctica 8\Practica 8.asm
                  Looprb0   0x00000e    program     static C:\Users\Samir\Documents\MPLAB\Microprocesadores\Práctica 8\Practica 8.asm
                  Looprb1   0x000014    program     static C:\Users\Samir\Documents\MPLAB\Microprocesadores\Práctica 8\Practica 8.asm
                    Delay   0x00001a    program     static C:\Users\Samir\Documents\MPLAB\Microprocesadores\Práctica 8\Practica 8.asm
               Loopcount2   0x00001c    program     static C:\Users\Samir\Documents\MPLAB\Microprocesadores\Práctica 8\Practica 8.asm
               Loopcount3   0x00001e    program     static C:\Users\Samir\Documents\MPLAB\Microprocesadores\Práctica 8\Practica 8.asm
                  Loopdec   0x000020    program     static C:\Users\Samir\Documents\MPLAB\Microprocesadores\Práctica 8\Practica 8.asm


