MPASM  5.51                    PRACTICA 8.ASM   3-30-2018  19:40:20         PAGE  1


LOC  OBJECT CODE     LINE SOURCE TEXT
  VALUE

Warning[205]: Found directive in column 1. (LIST)
Warning[215]: Processor superseded by command line.  Verify processor symbol.
                      00001 LIST P=PICF1684
                      00002 #INCLUDE <p16f84.inc>
                      00001         LIST
                      00002 
                      00003 ;==========================================================================
                      00004 ;  MPASM PIC16F84 processor include
                      00005 ; 
                      00006 ;  (c) Copyright 1999-2013 Microchip Technology, All rights reserved
                      00007 ;==========================================================================
                      00008 
                      00206         LIST
Warning[205]: Found directive in column 1. (__CONFIG)
2007   3FF1           00003 __CONFIG _CP_OFF &_WDT_OFF &_PWRTE_ON &_XT_OSC
                      00004 
  00000003            00005 Status EQU 0x03
  00000005            00006 PortA EQU 0x05
  00000085            00007 TrisA EQU 0x85
  00000006            00008 PortB EQU 0x06
  00000086            00009 TrisB EQU 0x86
  00000001            00010 TMR0 EQU 0x01
  00000081            00011 OPTIONN EQU 0x81
  0000000B            00012 INTCON EQU 0x0B
  0000000C            00013 Count EQU 0x0C
  0000000D            00014 Count2 EQU 0x0D
  0000000E            00015 Count3 EQU 0x0E
                      00016 ;COUNT EQU 0x0D
0000                  00017         ORG 0x00
0000   2805           00018         GOTO Main
0005                  00019         ORG 0x05
                      00020 
0005                  00021 Main
Warning[203]: Found opcode in column 1. (BSF)
0005   1683           00022 BSF Status,5            ;Ve al banco 1
Warning[203]: Found opcode in column 1. (MOVLW)
0006   3038           00023 MOVLW B'00111000'       ;Mover B'00111000' a W
Warning[203]: Found opcode in column 1. (MOVWF)
Message[302]: Register in operand not in bank 0.  Ensure that bank bits are correct.
0007   0081           00024 MOVWF OPTIONN           ;Mover W a OPTIONN
Warning[203]: Found opcode in column 1. (MOVLW)
0008   3010           00025 MOVLW B'00010000'       ;Mover B'00010000' a W
Warning[203]: Found opcode in column 1. (MOVWF)
Message[302]: Register in operand not in bank 0.  Ensure that bank bits are correct.
0009   0085           00026 MOVWF TrisA                     ;Mover W a TrisA
Warning[203]: Found opcode in column 1. (MOVLW)
000A   3001           00027 MOVLW B'00000001'       ;Mover B'00000001' a W
Warning[203]: Found opcode in column 1. (MOVWF)
Message[302]: Register in operand not in bank 0.  Ensure that bank bits are correct.
000B   0086           00028 MOVWF TrisB                     ;Mover W a TrisB
Warning[203]: Found opcode in column 1. (BCF)
000C   1283           00029 BCF Status,5            ;Ve al banco 0
Warning[203]: Found opcode in column 1. (BCF)
MPASM  5.51                    PRACTICA 8.ASM   3-30-2018  19:40:20         PAGE  2


LOC  OBJECT CODE     LINE SOURCE TEXT
  VALUE

000D   1086           00030 BCF PortB,1
                      00031 
000E                  00032 Looprb0
Warning[203]: Found opcode in column 1. (BTFSS)
000E   1C06           00033 BTFSS PortB,0           ;¿PortB,0 = 1?
Warning[203]: Found opcode in column 1. (GOTO)
000F   280E           00034 GOTO Looprb0            ;No, entonces ve a Looprb0
Warning[203]: Found opcode in column 1. (MOVLW)
0010   30FB           00035 MOVLW .251                      ;Si, entonces mueve .251 a W
Warning[203]: Found opcode in column 1. (MOVWF)
0011   0081           00036 MOVWF TMR0                      ;Mueve W a TMR0
Warning[203]: Found opcode in column 1. (BCF)
0012   110B           00037 BCF INTCON,2            ;Limpia TOIF
Warning[203]: Found opcode in column 1. (GOTO)
0013   2814           00038 GOTO Looprb1            ;Ve a Looprb1
                      00039 
0014                  00040 Looprb1
Warning[203]: Found opcode in column 1. (BTFSS)
0014   1D0B           00041 BTFSS INTCON,2          ;¿TOIF = 1?
Warning[203]: Found opcode in column 1. (GOTO)
0015   2814           00042 GOTO Looprb1            ;No, entonces ve a Looprb1
Warning[203]: Found opcode in column 1. (BSF)
0016   1486           00043 BSF PortB,1                     ;Si, entonces pon 1 en PortB,1
Warning[203]: Found opcode in column 1. (CALL)
0017   201A           00044 CALL Delay                      ;Llama Delay
Warning[203]: Found opcode in column 1. (BCF)
0018   1086           00045 BCF PortB,1                     ;Pon 0 en PortB,1
Warning[203]: Found opcode in column 1. (GOTO)
0019   280E           00046 GOTO Looprb0            ;Ve a Looprb0
                      00047 
                      00048 ;Delay
                      00049 ;BSF Status,5           ;Ve al banco 1
                      00050 ;MOVLW B'00000111'      ;Mueve B'00000111' a W
                      00051 ;MOVWF OPTIONN          ;Mueve W a OPTIONN
                      00052 ;BCF Status,5           ;Ve al banco 0
                      00053 ;MOVLW .191                     ;Mueve .191 a W
                      00054 ;MOVWF COUNT                    ;Mueve W a COUNT
                      00055 ;Loopclrf
                      00056 ;CLRF TMR0                      ;Limpia TMR0
                      00057 ;BCF INTCON,2           ;Limpia TOIF
                      00058 ;Loopdec
                      00059 ;BTFSS INTCON,2         ;¿TOIF = 1?
                      00060 ;GOTO Loopdec           ;No, entonces ve a Loopdec
                      00061 ;DECFSZ COUNT           ;Si, entonces decrementa COUNT
                      00062 ;GOTO Loopclrf          ;Ve a Loopclrf
                      00063 
001A                  00064 Delay
Warning[203]: Found opcode in column 1. (MOVLW)
Warning[202]: Argument out of range.  Least significant bits used.
001A   3000           00065 MOVLW .256                      ;Mueve .256 a W
Warning[203]: Found opcode in column 1. (MOVWF)
001B   008C           00066 MOVWF Count                     ;Mueve W a Count
001C                  00067 Loopcount2
MPASM  5.51                    PRACTICA 8.ASM   3-30-2018  19:40:20         PAGE  3


LOC  OBJECT CODE     LINE SOURCE TEXT
  VALUE

Warning[203]: Found opcode in column 1. (MOVLW)
Warning[202]: Argument out of range.  Least significant bits used.
001C   3000           00068 MOVLW .256                      ;Mueve .256 a W
Warning[203]: Found opcode in column 1. (MOVWF)
001D   008D           00069 MOVWF Count2            ;Mueve .256 a Count2
001E                  00070 Loopcount3
Warning[203]: Found opcode in column 1. (MOVLW)
001E   3040           00071 MOVLW .64                       ;Mueve .14 a W
Warning[203]: Found opcode in column 1. (MOVWF)
001F   008E           00072 MOVWF Count3            ;Mueve W a Count3
0020                  00073 Loopdec
Warning[203]: Found opcode in column 1. (DECFSZ)
Message[305]: Using default destination of 1 (file).
0020   0B8E           00074 DECFSZ Count3           ;¿Count3 decrementó = 0?
Warning[203]: Found opcode in column 1. (GOTO)
0021   2820           00075 GOTO Loopdec            ;No, entonces ve a Loopdec
Warning[203]: Found opcode in column 1. (DECFSZ)
Message[305]: Using default destination of 1 (file).
0022   0B8D           00076 DECFSZ Count2           ;Si, entonces ¿Count2 decrementó = 0?
Warning[203]: Found opcode in column 1. (GOTO)
0023   281E           00077 GOTO Loopcount3         ;No, entonces ve a Loopcount3
Warning[203]: Found opcode in column 1. (DECFSZ)
Message[305]: Using default destination of 1 (file).
0024   0B8C           00078 DECFSZ Count            ;Si, entonces ¿Count decrementó = 0?
Warning[203]: Found opcode in column 1. (GOTO)
0025   281C           00079 GOTO Loopcount2         ;No, entonces ve a Loopcount2
                      00080 
Warning[203]: Found opcode in column 1. (RETURN)
0026   0008           00081 RETURN
                      00082 
Warning[205]: Found directive in column 1. (END)
                      00083 END
MPASM  5.51                    PRACTICA 8.ASM   3-30-2018  19:40:20         PAGE  4


SYMBOL TABLE
  LABEL                             VALUE 

C                                 00000000
Count                             0000000C
Count2                            0000000D
Count3                            0000000E
DC                                00000001
Delay                             0000001A
EEADR                             00000009
EECON1                            00000088
EECON2                            00000089
EEDATA                            00000008
EEIE                              00000006
EEIF                              00000004
F                                 00000001
FSR                               00000004
GIE                               00000007
INDF                              00000000
INTCON                            0000000B
INTE                              00000004
INTEDG                            00000006
INTF                              00000001
IRP                               00000007
Loopcount2                        0000001C
Loopcount3                        0000001E
Loopdec                           00000020
Looprb0                           0000000E
Looprb1                           00000014
Main                              00000005
NOT_PD                            00000003
NOT_RBPU                          00000007
NOT_TO                            00000004
OPTIONN                           00000081
OPTION_REG                        00000081
PCL                               00000002
PCLATH                            0000000A
PORTA                             00000005
PORTB                             00000006
PS0                               00000000
PS1                               00000001
PS2                               00000002
PSA                               00000003
PortA                             00000005
PortB                             00000006
RA0                               00000000
RA1                               00000001
RA2                               00000002
RA3                               00000003
RA4                               00000004
RB0                               00000000
RB1                               00000001
RB2                               00000002
RB3                               00000003
RB4                               00000004
RB5                               00000005
MPASM  5.51                    PRACTICA 8.ASM   3-30-2018  19:40:20         PAGE  5


SYMBOL TABLE
  LABEL                             VALUE 

RB6                               00000006
RB7                               00000007
RBIE                              00000003
RBIF                              00000000
RD                                00000000
RP0                               00000005
RP1                               00000006
STATUS                            00000003
Status                            00000003
T0CS                              00000005
T0IE                              00000005
T0IF                              00000002
T0SE                              00000004
TMR0                              00000001
TMR0IE                            00000005
TMR0IF                            00000002
TRISA                             00000085
TRISA0                            00000000
TRISA1                            00000001
TRISA2                            00000002
TRISA3                            00000003
TRISA4                            00000004
TRISB                             00000086
TRISB0                            00000000
TRISB1                            00000001
TRISB2                            00000002
TRISB3                            00000003
TRISB4                            00000004
TRISB5                            00000005
TRISB6                            00000006
TRISB7                            00000007
TrisA                             00000085
TrisB                             00000086
W                                 00000000
WR                                00000001
WREN                              00000002
WRERR                             00000003
Z                                 00000002
_CONFIG                           00002007
_CP_OFF                           00003FFF
_CP_ON                            0000000F
_FOSC_EXTRC                       00003FFF
_FOSC_HS                          00003FFE
_FOSC_LP                          00003FFC
_FOSC_XT                          00003FFD
_HS_OSC                           00003FFE
_IDLOC0                           00002000
_IDLOC1                           00002001
_IDLOC2                           00002002
_IDLOC3                           00002003
_LP_OSC                           00003FFC
_PWRTE_OFF                        00003FFF
_PWRTE_ON                         00003FF7
MPASM  5.51                    PRACTICA 8.ASM   3-30-2018  19:40:20         PAGE  6


SYMBOL TABLE
  LABEL                             VALUE 

_RC_OSC                           00003FFF
_WDTE_OFF                         00003FFB
_WDTE_ON                          00003FFF
_WDT_OFF                          00003FFB
_WDT_ON                           00003FFF
_XT_OSC                           00003FFD
__16F84                           00000001
__DEBUG                           1


MEMORY USAGE MAP ('X' = Used,  '-' = Unused)

0000 : X----XXXXXXXXXXX XXXXXXXXXXXXXXXX XXXXXXX--------- ----------------
2000 : -------X-------- ---------------- ---------------- ----------------

All other memory blocks unused.

Program Memory Words Used:    35
Program Memory Words Free:   989


Errors   :     0
Warnings :    40 reported,     0 suppressed
Messages :     6 reported,     0 suppressed

