MPLINK 4.49, Linker
Linker Map File - Created Thu Mar 29 11:10:13 2018

                                 Section Info
                  Section       Type    Address   Location Size(Bytes)
                ---------  ---------  ---------  ---------  ---------
                   .org_0       code   0x000000    program   0x000000
                   .org_1       code   0x000000    program   0x000002
                   .org_2       code   0x000003    program   0x000044
 .config_2007_PRATICA 5.O       code   0x002007    program   0x000002



                              Program Memory Usage 
                               Start         End      
                           ---------   ---------      
                            0x000000    0x000000      
                            0x000003    0x000024      
                            0x002007    0x002007      
            36 out of 1093 program addresses used, program memory utilization is 3%



                              Symbols - Sorted by Name
                     Name    Address   Location    Storage File                     
                ---------  ---------  ---------  --------- ---------                
                    Delay   0x000018    program     static C:\Users\Samir\Documents\MPLAB\Microprocesadores\Práctica 5\Pratica 5.asm
               Loopcount2   0x00001a    program     static C:\Users\Samir\Documents\MPLAB\Microprocesadores\Práctica 5\Pratica 5.asm
               Loopcount3   0x00001c    program     static C:\Users\Samir\Documents\MPLAB\Microprocesadores\Práctica 5\Pratica 5.asm
                  Loopdec   0x00001e    program     static C:\Users\Samir\Documents\MPLAB\Microprocesadores\Práctica 5\Pratica 5.asm
                  Loopled   0x00000e    program     static C:\Users\Samir\Documents\MPLAB\Microprocesadores\Práctica 5\Pratica 5.asm
               Loopoffra0   0x00000c    program     static C:\Users\Samir\Documents\MPLAB\Microprocesadores\Práctica 5\Pratica 5.asm
                  Loopra0   0x000009    program     static C:\Users\Samir\Documents\MPLAB\Microprocesadores\Práctica 5\Pratica 5.asm
                  Loopra1   0x000015    program     static C:\Users\Samir\Documents\MPLAB\Microprocesadores\Práctica 5\Pratica 5.asm
                     Main   0x000003    program     static C:\Users\Samir\Documents\MPLAB\Microprocesadores\Práctica 5\Pratica 5.asm



                              Symbols - Sorted by Address
                     Name    Address   Location    Storage File                     
                ---------  ---------  ---------  --------- ---------                
                     Main   0x000003    program     static C:\Users\Samir\Documents\MPLAB\Microprocesadores\Práctica 5\Pratica 5.asm
                  Loopra0   0x000009    program     static C:\Users\Samir\Documents\MPLAB\Microprocesadores\Práctica 5\Pratica 5.asm
               Loopoffra0   0x00000c    program     static C:\Users\Samir\Documents\MPLAB\Microprocesadores\Práctica 5\Pratica 5.asm
                  Loopled   0x00000e    program     static C:\Users\Samir\Documents\MPLAB\Microprocesadores\Práctica 5\Pratica 5.asm
                  Loopra1   0x000015    program     static C:\Users\Samir\Documents\MPLAB\Microprocesadores\Práctica 5\Pratica 5.asm
                    Delay   0x000018    program     static C:\Users\Samir\Documents\MPLAB\Microprocesadores\Práctica 5\Pratica 5.asm
               Loopcount2   0x00001a    program     static C:\Users\Samir\Documents\MPLAB\Microprocesadores\Práctica 5\Pratica 5.asm
               Loopcount3   0x00001c    program     static C:\Users\Samir\Documents\MPLAB\Microprocesadores\Práctica 5\Pratica 5.asm
                  Loopdec   0x00001e    program     static C:\Users\Samir\Documents\MPLAB\Microprocesadores\Práctica 5\Pratica 5.asm


