MPASM  5.51                     PRATICA 5.ASM   3-29-2018  11:10:10         PAGE  1


LOC  OBJECT CODE     LINE SOURCE TEXT
  VALUE

Warning[205]: Found directive in column 1. (LIST)
                      00001 LIST P=PIC16F84
                      00002 #INCLUDE <p16f84.inc>
                      00001         LIST
                      00002 
                      00003 ;==========================================================================
                      00004 ;  MPASM PIC16F84 processor include
                      00005 ; 
                      00006 ;  (c) Copyright 1999-2013 Microchip Technology, All rights reserved
                      00007 ;==========================================================================
                      00008 
                      00206         LIST
Warning[205]: Found directive in column 1. (__CONFIG)
2007   3FF1           00003 __CONFIG _CP_OFF &_WDT_OFF &_PWRTE_ON &_XT_OSC
                      00004 
  00000003            00005 Status EQU 0x03
  00000005            00006 PortA EQU 0x05
  00000085            00007 TrisA EQU 0x85
  00000006            00008 PortB EQU 0x06
  00000086            00009 TrisB EQU 0x86
  0000000C            00010 Count EQU 0x0C
  0000000D            00011 Count2 EQU 0x0D
  0000000E            00012 Count3 EQU 0x0E
0000                  00013         ORG 0x00
0000   2803           00014         GOTO Main
0003                  00015         ORG 0x03
                      00016 
0003                  00017 Main
Warning[203]: Found opcode in column 1. (BSF)
0003   1683           00018 BSF Status,5            ;Ve al banco 1
Warning[203]: Found opcode in column 1. (MOVLW)
0004   3003           00019 MOVLW B'00000011'       ;Mueve B'00000011' a W
Warning[203]: Found opcode in column 1. (MOVWF)
Message[302]: Register in operand not in bank 0.  Ensure that bank bits are correct.
0005   0085           00020 MOVWF TrisA                     ;Mueve W a TrisA
Warning[203]: Found opcode in column 1. (MOVLW)
0006   3000           00021 MOVLW B'00000000'       ;Mueve B'00000000' a W
Warning[203]: Found opcode in column 1. (MOVWF)
Message[302]: Register in operand not in bank 0.  Ensure that bank bits are correct.
0007   0086           00022 MOVWF TrisB                     ;Mueve W a TrisB
Warning[203]: Found opcode in column 1. (BCF)
0008   1283           00023 BCF Status,5            ;Ve al banco 0
                      00024 
0009                  00025 Loopra0
Warning[203]: Found opcode in column 1. (BTFSS)
0009   1C05           00026 BTFSS PortA,0           ;¿PortA = 1?
Warning[203]: Found opcode in column 1. (GOTO)
000A   280C           00027 GOTO Loopoffra0         ;No, entonces ve a Loopoffra0
Warning[203]: Found opcode in column 1. (GOTO)
000B   280E           00028 GOTO Loopled            ;Si, entonces ve a Loopled
                      00029 
000C                  00030 Loopoffra0
Warning[203]: Found opcode in column 1. (CLRF)
MPASM  5.51                     PRATICA 5.ASM   3-29-2018  11:10:10         PAGE  2


LOC  OBJECT CODE     LINE SOURCE TEXT
  VALUE

000C   0186           00031 CLRF PortB                      ;Borra PortB
Warning[203]: Found opcode in column 1. (GOTO)
000D   2809           00032 GOTO Loopra0            ;Ve a Loopra0
                      00033 
000E                  00034 Loopled
Warning[203]: Found opcode in column 1. (CALL)
000E   2018           00035 CALL Delay                      ;Llama Delay
Warning[203]: Found opcode in column 1. (RLF)
Message[305]: Using default destination of 1 (file).
000F   0D86           00036 RLF PortB                       ;Rota a la izquierda PortB
Warning[203]: Found opcode in column 1. (BTFSC)
0010   1B06           00037 BTFSC PortB,6           ;¿PortB,6 = 0?
Warning[203]: Found opcode in column 1. (GOTO)
0011   2809           00038 GOTO Loopra0            ;No, entonces ve a Loopra0
Warning[203]: Found opcode in column 1. (BTFSS)
0012   1E06           00039 BTFSS PortB,4           ;Si, pero ¿PortB,4 = 1?
Warning[203]: Found opcode in column 1. (GOTO)
0013   280E           00040 GOTO Loopled            ;No, entonces ve a Loopled
Warning[203]: Found opcode in column 1. (GOTO)
0014   2815           00041 GOTO Loopra1            ;Si, entonces ve a Loopra1
                      00042 
0015                  00043 Loopra1
Warning[203]: Found opcode in column 1. (BTFSS)
0015   1C85           00044 BTFSS PortA,1           ;¿PortA,1 = 1?
Warning[203]: Found opcode in column 1. (GOTO)
0016   2815           00045 GOTO Loopra1            ;No, entonces ve a Loopra1
Warning[203]: Found opcode in column 1. (GOTO)
0017   280E           00046 GOTO Loopled            ;Si, entonces ve a Loopled
                      00047 
0018                  00048 Delay
Warning[203]: Found opcode in column 1. (MOVLW)
Warning[202]: Argument out of range.  Least significant bits used.
0018   3000           00049 MOVLW .256                      ;Mueve .256 a W
Warning[203]: Found opcode in column 1. (MOVWF)
0019   008C           00050 MOVWF Count                     ;Mueve W a Count
001A                  00051 Loopcount2
Warning[203]: Found opcode in column 1. (MOVLW)
Warning[202]: Argument out of range.  Least significant bits used.
001A   3000           00052 MOVLW .256                      ;Mueve .256 a W
Warning[203]: Found opcode in column 1. (MOVWF)
001B   008D           00053 MOVWF Count2            ;Mueve .256 a Count2
001C                  00054 Loopcount3
Warning[203]: Found opcode in column 1. (MOVLW)
001C   300E           00055 MOVLW .14                       ;Mueve .14 a W
Warning[203]: Found opcode in column 1. (MOVWF)
001D   008E           00056 MOVWF Count3            ;Mueve W a Count3
001E                  00057 Loopdec
Warning[203]: Found opcode in column 1. (DECFSZ)
Message[305]: Using default destination of 1 (file).
001E   0B8E           00058 DECFSZ Count3           ;¿Count3 decrementó = 0?
Warning[203]: Found opcode in column 1. (GOTO)
001F   281E           00059 GOTO Loopdec            ;No, entonces ve a Loopdec
Warning[203]: Found opcode in column 1. (DECFSZ)
MPASM  5.51                     PRATICA 5.ASM   3-29-2018  11:10:10         PAGE  3


LOC  OBJECT CODE     LINE SOURCE TEXT
  VALUE

Message[305]: Using default destination of 1 (file).
0020   0B8D           00060 DECFSZ Count2           ;Si, entonces ¿Count2 decrementó = 0?
Warning[203]: Found opcode in column 1. (GOTO)
0021   281C           00061 GOTO Loopcount3         ;No, entonces ve a Loopcount3
Warning[203]: Found opcode in column 1. (DECFSZ)
Message[305]: Using default destination of 1 (file).
0022   0B8C           00062 DECFSZ Count            ;Si, entonces ¿Count decrementó = 0?
Warning[203]: Found opcode in column 1. (GOTO)
0023   281A           00063 GOTO Loopcount2         ;No, entonces ve a Loopcount2
                      00064 
Warning[203]: Found opcode in column 1. (RETURN)
0024   0008           00065 RETURN
                      00066 
Warning[205]: Found directive in column 1. (END)
                      00067 END
MPASM  5.51                     PRATICA 5.ASM   3-29-2018  11:10:10         PAGE  4


SYMBOL TABLE
  LABEL                             VALUE 

C                                 00000000
Count                             0000000C
Count2                            0000000D
Count3                            0000000E
DC                                00000001
Delay                             00000018
EEADR                             00000009
EECON1                            00000088
EECON2                            00000089
EEDATA                            00000008
EEIE                              00000006
EEIF                              00000004
F                                 00000001
FSR                               00000004
GIE                               00000007
INDF                              00000000
INTCON                            0000000B
INTE                              00000004
INTEDG                            00000006
INTF                              00000001
IRP                               00000007
Loopcount2                        0000001A
Loopcount3                        0000001C
Loopdec                           0000001E
Loopled                           0000000E
Loopoffra0                        0000000C
Loopra0                           00000009
Loopra1                           00000015
Main                              00000003
NOT_PD                            00000003
NOT_RBPU                          00000007
NOT_TO                            00000004
OPTION_REG                        00000081
PCL                               00000002
PCLATH                            0000000A
PORTA                             00000005
PORTB                             00000006
PS0                               00000000
PS1                               00000001
PS2                               00000002
PSA                               00000003
PortA                             00000005
PortB                             00000006
RA0                               00000000
RA1                               00000001
RA2                               00000002
RA3                               00000003
RA4                               00000004
RB0                               00000000
RB1                               00000001
RB2                               00000002
RB3                               00000003
RB4                               00000004
MPASM  5.51                     PRATICA 5.ASM   3-29-2018  11:10:10         PAGE  5


SYMBOL TABLE
  LABEL                             VALUE 

RB5                               00000005
RB6                               00000006
RB7                               00000007
RBIE                              00000003
RBIF                              00000000
RD                                00000000
RP0                               00000005
RP1                               00000006
STATUS                            00000003
Status                            00000003
T0CS                              00000005
T0IE                              00000005
T0IF                              00000002
T0SE                              00000004
TMR0                              00000001
TMR0IE                            00000005
TMR0IF                            00000002
TRISA                             00000085
TRISA0                            00000000
TRISA1                            00000001
TRISA2                            00000002
TRISA3                            00000003
TRISA4                            00000004
TRISB                             00000086
TRISB0                            00000000
TRISB1                            00000001
TRISB2                            00000002
TRISB3                            00000003
TRISB4                            00000004
TRISB5                            00000005
TRISB6                            00000006
TRISB7                            00000007
TrisA                             00000085
TrisB                             00000086
W                                 00000000
WR                                00000001
WREN                              00000002
WRERR                             00000003
Z                                 00000002
_CONFIG                           00002007
_CP_OFF                           00003FFF
_CP_ON                            0000000F
_FOSC_EXTRC                       00003FFF
_FOSC_HS                          00003FFE
_FOSC_LP                          00003FFC
_FOSC_XT                          00003FFD
_HS_OSC                           00003FFE
_IDLOC0                           00002000
_IDLOC1                           00002001
_IDLOC2                           00002002
_IDLOC3                           00002003
_LP_OSC                           00003FFC
_PWRTE_OFF                        00003FFF
MPASM  5.51                     PRATICA 5.ASM   3-29-2018  11:10:10         PAGE  6


SYMBOL TABLE
  LABEL                             VALUE 

_PWRTE_ON                         00003FF7
_RC_OSC                           00003FFF
_WDTE_OFF                         00003FFB
_WDTE_ON                          00003FFF
_WDT_OFF                          00003FFB
_WDT_ON                           00003FFF
_XT_OSC                           00003FFD
__16F84                           00000001
__DEBUG                           1


MEMORY USAGE MAP ('X' = Used,  '-' = Unused)

0000 : X--XXXXXXXXXXXXX XXXXXXXXXXXXXXXX XXXXX----------- ----------------
2000 : -------X-------- ---------------- ---------------- ----------------

All other memory blocks unused.

Program Memory Words Used:    35
Program Memory Words Free:   989


Errors   :     0
Warnings :    39 reported,     0 suppressed
Messages :     6 reported,     0 suppressed

