MPASM  5.51                    PRACTICA 1.ASM   2-12-2018  13:09:17         PAGE  1


LOC  OBJECT CODE     LINE SOURCE TEXT
  VALUE

Warning[205]: Found directive in column 1. (LIST)
                      00001 LIST P=PIC16F84
                      00002 #INCLUDE <p16f84.inc>
                      00001         LIST
                      00002 
                      00003 ;==========================================================================
                      00004 ;  MPASM PIC16F84 processor include
                      00005 ; 
                      00006 ;  (c) Copyright 1999-2013 Microchip Technology, All rights reserved
                      00007 ;==========================================================================
                      00008 
                      00206         LIST
Warning[205]: Found directive in column 1. (__CONFIG)
2007   3FF1           00003 __CONFIG _CP_OFF &_WDT_OFF &_PWRTE_ON &_XT_OSC
  00000003            00004 Status EQU 0x03
  00000005            00005 PortA EQU 0x05
  00000085            00006 TrisA EQU 0x85
  00000006            00007 PortB EQU 0x06
  00000086            00008 TrisB EQU 0x86
0000                  00009           ORG 0x00
0000   2805           00010           GOTO Main
0005                  00011           ORG 0x05
                      00012 
0005                  00013 Main
Warning[203]: Found opcode in column 1. (BSF)
0005   1683           00014 BSF Status,5            ;Pasa al banco 1
Warning[203]: Found opcode in column 1. (MOVLW)
0006   3007           00015 MOVLW B'00000111'       ;Mueve B'00000111' a W
Warning[203]: Found opcode in column 1. (MOVWF)
Message[302]: Register in operand not in bank 0.  Ensure that bank bits are correct.
0007   0085           00016 MOVWF TrisA                     ;Mueve W a TrisA
Warning[203]: Found opcode in column 1. (MOVLW)
0008   3000           00017 MOVLW B'00000000'       ;Mueve B'00000000' a W
Warning[203]: Found opcode in column 1. (MOVWF)
Message[302]: Register in operand not in bank 0.  Ensure that bank bits are correct.
0009   0086           00018 MOVWF TrisB                     ;Mueve W a TrisB
Warning[203]: Found opcode in column 1. (BCF)
000A   1283           00019 BCF Status,5            ;Pasa al banco 0
Warning[203]: Found opcode in column 1. (BCF)
000B   1006           00020 BCF PortB,0             ;Coloca 0 en PortB,0 (RB0)
Warning[203]: Found opcode in column 1. (BCF)
000C   1086           00021 BCF PortB,1                     ;Coloca 0 en PortB,1 (RB1)
                      00022 
000D                  00023 LoopRA0
Warning[203]: Found opcode in column 1. (BTFSS)
000D   1C05           00024 BTFSS PortA,0           ;¿PortA,0 = 1?
Warning[203]: Found opcode in column 1. (GOTO)
000E   2810           00025 GOTO LoopoffRA0         ;No, entonces ve a LoopoffRA0
Warning[203]: Found opcode in column 1. (GOTO)
000F   2813           00026 GOTO LoopRA1            ;Si, entonces ve a LoopRA1
                      00027 
Warning[207]: Found label after column 1. (LoopoffRA0)
0010                  00028         LoopoffRA0
MPASM  5.51                    PRACTICA 1.ASM   2-12-2018  13:09:17         PAGE  2


LOC  OBJECT CODE     LINE SOURCE TEXT
  VALUE

0010   1006           00029         BCF PortB,0                     ;Coloca 0 en PortB,0 (RB0)
0011   1086           00030         BCF PortB,1                     ;Coloca 0 en PortB,1 (RB1)
0012   280D           00031         GOTO LoopRA0            ;Ve a LoopRA0
                      00032 
0013                  00033 LoopRA1
Warning[203]: Found opcode in column 1. (BTFSS)
0013   1C85           00034 BTFSS PortA,1           ;¿PortA,1 = 1?
Warning[203]: Found opcode in column 1. (GOTO)
0014   2816           00035 GOTO LoopoffRA1         ;No, entonces ve a LoopoffRA1
Warning[203]: Found opcode in column 1. (GOTO)
0015   2818           00036 GOTO LoopRB0            ;Si, entonces ve a LoopRB0
                      00037 
Warning[207]: Found label after column 1. (LoopoffRA1)
0016                  00038         LoopoffRA1
0016   1006           00039         BCF PortB,0                     ;Coloca 0 en PortB,0 (RB0)
0017   281A           00040         GOTO LoopRA2            ;Ve a LoopRA2
                      00041 
Warning[207]: Found label after column 1. (LoopRB0)
0018                  00042         LoopRB0
0018   1406           00043         BSF PortB,0                     ;Coloca 1 en PortB,0 (RB0)
0019   281A           00044         GOTO LoopRA2            ;Ve a LoopRA2
                      00045 
001A                  00046 LoopRA2
Warning[203]: Found opcode in column 1. (BTFSS)
001A   1D05           00047 BTFSS PortA,2           ;¿PortA,2 = 1?
Warning[203]: Found opcode in column 1. (GOTO)
001B   281D           00048 GOTO LoopoffRA2         ;No, entonces ve a LoopoffRA2
Warning[203]: Found opcode in column 1. (GOTO)
001C   281F           00049 GOTO LoopRB1            ;Si, entonces ve a LoopRB1
                      00050 
Warning[207]: Found label after column 1. (LoopoffRA2)
001D                  00051         LoopoffRA2
001D   1086           00052         BCF PortB,1                     ;Coloca 0 en PortB,1 (RB1)
001E   280D           00053         GOTO LoopRA0            ;Ve a LoopRA0
                      00054 
Warning[207]: Found label after column 1. (LoopRB1)
001F                  00055         LoopRB1
001F   1486           00056         BSF PortB,1                     ;Coloca 1 en PortB,1 (RB1)
0020   280D           00057         GOTO LoopRA0            ;Ve a LoopRA0
                      00058 
Warning[205]: Found directive in column 1. (END)
                      00059 END
MPASM  5.51                    PRACTICA 1.ASM   2-12-2018  13:09:17         PAGE  3


SYMBOL TABLE
  LABEL                             VALUE 

C                                 00000000
DC                                00000001
EEADR                             00000009
EECON1                            00000088
EECON2                            00000089
EEDATA                            00000008
EEIE                              00000006
EEIF                              00000004
F                                 00000001
FSR                               00000004
GIE                               00000007
INDF                              00000000
INTCON                            0000000B
INTE                              00000004
INTEDG                            00000006
INTF                              00000001
IRP                               00000007
LoopRA0                           0000000D
LoopRA1                           00000013
LoopRA2                           0000001A
LoopRB0                           00000018
LoopRB1                           0000001F
LoopoffRA0                        00000010
LoopoffRA1                        00000016
LoopoffRA2                        0000001D
Main                              00000005
NOT_PD                            00000003
NOT_RBPU                          00000007
NOT_TO                            00000004
OPTION_REG                        00000081
PCL                               00000002
PCLATH                            0000000A
PORTA                             00000005
PORTB                             00000006
PS0                               00000000
PS1                               00000001
PS2                               00000002
PSA                               00000003
PortA                             00000005
PortB                             00000006
RA0                               00000000
RA1                               00000001
RA2                               00000002
RA3                               00000003
RA4                               00000004
RB0                               00000000
RB1                               00000001
RB2                               00000002
RB3                               00000003
RB4                               00000004
RB5                               00000005
RB6                               00000006
RB7                               00000007
MPASM  5.51                    PRACTICA 1.ASM   2-12-2018  13:09:17         PAGE  4


SYMBOL TABLE
  LABEL                             VALUE 

RBIE                              00000003
RBIF                              00000000
RD                                00000000
RP0                               00000005
RP1                               00000006
STATUS                            00000003
Status                            00000003
T0CS                              00000005
T0IE                              00000005
T0IF                              00000002
T0SE                              00000004
TMR0                              00000001
TMR0IE                            00000005
TMR0IF                            00000002
TRISA                             00000085
TRISA0                            00000000
TRISA1                            00000001
TRISA2                            00000002
TRISA3                            00000003
TRISA4                            00000004
TRISB                             00000086
TRISB0                            00000000
TRISB1                            00000001
TRISB2                            00000002
TRISB3                            00000003
TRISB4                            00000004
TRISB5                            00000005
TRISB6                            00000006
TRISB7                            00000007
TrisA                             00000085
TrisB                             00000086
W                                 00000000
WR                                00000001
WREN                              00000002
WRERR                             00000003
Z                                 00000002
_CONFIG                           00002007
_CP_OFF                           00003FFF
_CP_ON                            0000000F
_FOSC_EXTRC                       00003FFF
_FOSC_HS                          00003FFE
_FOSC_LP                          00003FFC
_FOSC_XT                          00003FFD
_HS_OSC                           00003FFE
_IDLOC0                           00002000
_IDLOC1                           00002001
_IDLOC2                           00002002
_IDLOC3                           00002003
_LP_OSC                           00003FFC
_PWRTE_OFF                        00003FFF
_PWRTE_ON                         00003FF7
_RC_OSC                           00003FFF
_WDTE_OFF                         00003FFB
MPASM  5.51                    PRACTICA 1.ASM   2-12-2018  13:09:17         PAGE  5


SYMBOL TABLE
  LABEL                             VALUE 

_WDTE_ON                          00003FFF
_WDT_OFF                          00003FFB
_WDT_ON                           00003FFF
_XT_OSC                           00003FFD
__16F84                           00000001
__DEBUG                           1


MEMORY USAGE MAP ('X' = Used,  '-' = Unused)

0000 : X----XXXXXXXXXXX XXXXXXXXXXXXXXXX X--------------- ----------------
2000 : -------X-------- ---------------- ---------------- ----------------

All other memory blocks unused.

Program Memory Words Used:    29
Program Memory Words Free:   995


Errors   :     0
Warnings :    25 reported,     0 suppressed
Messages :     2 reported,     0 suppressed

