MPLINK 4.49, Linker
Linker Map File - Created Mon Feb 12 13:09:19 2018

                                 Section Info
                  Section       Type    Address   Location Size(Bytes)
                ---------  ---------  ---------  ---------  ---------
                   .org_0       code   0x000000    program   0x000000
                   .org_1       code   0x000000    program   0x000002
                   .org_2       code   0x000005    program   0x000038
.config_2007_PRACTICA 1.O       code   0x002007    program   0x000002



                              Program Memory Usage 
                               Start         End      
                           ---------   ---------      
                            0x000000    0x000000      
                            0x000005    0x000020      
                            0x002007    0x002007      
            30 out of 1093 program addresses used, program memory utilization is 2%



                              Symbols - Sorted by Name
                     Name    Address   Location    Storage File                     
                ---------  ---------  ---------  --------- ---------                
                  LoopRA0   0x00000d    program     static C:\Users\Samir\Documents\MPLAB\Microprocesadores\Práctica 1\Practica 1.asm
                  LoopRA1   0x000013    program     static C:\Users\Samir\Documents\MPLAB\Microprocesadores\Práctica 1\Practica 1.asm
                  LoopRA2   0x00001a    program     static C:\Users\Samir\Documents\MPLAB\Microprocesadores\Práctica 1\Practica 1.asm
                  LoopRB0   0x000018    program     static C:\Users\Samir\Documents\MPLAB\Microprocesadores\Práctica 1\Practica 1.asm
                  LoopRB1   0x00001f    program     static C:\Users\Samir\Documents\MPLAB\Microprocesadores\Práctica 1\Practica 1.asm
               LoopoffRA0   0x000010    program     static C:\Users\Samir\Documents\MPLAB\Microprocesadores\Práctica 1\Practica 1.asm
               LoopoffRA1   0x000016    program     static C:\Users\Samir\Documents\MPLAB\Microprocesadores\Práctica 1\Practica 1.asm
               LoopoffRA2   0x00001d    program     static C:\Users\Samir\Documents\MPLAB\Microprocesadores\Práctica 1\Practica 1.asm
                     Main   0x000005    program     static C:\Users\Samir\Documents\MPLAB\Microprocesadores\Práctica 1\Practica 1.asm



                              Symbols - Sorted by Address
                     Name    Address   Location    Storage File                     
                ---------  ---------  ---------  --------- ---------                
                     Main   0x000005    program     static C:\Users\Samir\Documents\MPLAB\Microprocesadores\Práctica 1\Practica 1.asm
                  LoopRA0   0x00000d    program     static C:\Users\Samir\Documents\MPLAB\Microprocesadores\Práctica 1\Practica 1.asm
               LoopoffRA0   0x000010    program     static C:\Users\Samir\Documents\MPLAB\Microprocesadores\Práctica 1\Practica 1.asm
                  LoopRA1   0x000013    program     static C:\Users\Samir\Documents\MPLAB\Microprocesadores\Práctica 1\Practica 1.asm
               LoopoffRA1   0x000016    program     static C:\Users\Samir\Documents\MPLAB\Microprocesadores\Práctica 1\Practica 1.asm
                  LoopRB0   0x000018    program     static C:\Users\Samir\Documents\MPLAB\Microprocesadores\Práctica 1\Practica 1.asm
                  LoopRA2   0x00001a    program     static C:\Users\Samir\Documents\MPLAB\Microprocesadores\Práctica 1\Practica 1.asm
               LoopoffRA2   0x00001d    program     static C:\Users\Samir\Documents\MPLAB\Microprocesadores\Práctica 1\Practica 1.asm
                  LoopRB1   0x00001f    program     static C:\Users\Samir\Documents\MPLAB\Microprocesadores\Práctica 1\Practica 1.asm


