MPASM  5.51                   PRACTICA 10.ASM   4-11-2018  23:09:35         PAGE  1


LOC  OBJECT CODE     LINE SOURCE TEXT
  VALUE

Warning[205]: Found directive in column 1. (LIST)
                      00001 LIST P=PIC16F84
                      00002 #INCLUDE <p16f84.inc>
                      00001         LIST
                      00002 
                      00003 ;==========================================================================
                      00004 ;  MPASM PIC16F84 processor include
                      00005 ; 
                      00006 ;  (c) Copyright 1999-2013 Microchip Technology, All rights reserved
                      00007 ;==========================================================================
                      00008 
Message[301]: MESSAGE: (Processor-header file mismatch.  Verify selected processor.)
                      00206         LIST
Warning[205]: Found directive in column 1. (__CONFIG)
2007   3FF1           00003 __CONFIG _CP_OFF &_WDT_OFF &_PWRTE_ON &_XT_OSC
                      00004 
  00000003            00005 Status EQU 0x03
  00000005            00006 PortA EQU 0x05
  00000085            00007 TrisA EQU 0x85
  00000006            00008 PortB EQU 0x06
  00000086            00009 TrisB EQU 0x86
  0000000C            00010 Count EQU 0x0C
  0000000D            00011 Count2 EQU 0x0D
  0000000E            00012 Count3 EQU 0x0E
0000                  00013         ORG 0x00
0000   2805           00014         GOTO Main
0005                  00015         ORG 0x05
                      00016 
0005                  00017 Main
Warning[203]: Found opcode in column 1. (BSF)
0005   1683           00018 BSF Status,5            ;Paso al banco 1
Warning[203]: Found opcode in column 1. (CLRF)
Message[302]: Register in operand not in bank 0.  Ensure that bank bits are correct.
0006   0185           00019 CLRF TrisA                      ;Limpio TrisA
Warning[203]: Found opcode in column 1. (CLRF)
Message[302]: Register in operand not in bank 0.  Ensure that bank bits are correct.
0007   0186           00020 CLRF TrisB                      ;Limpio TrisB
Warning[203]: Found opcode in column 1. (BCF)
0008   1283           00021 BCF Status,5            ;Paso al banco 0
Warning[203]: Found opcode in column 1. (CLRF)
0009   0185           00022 CLRF PortA                      ;Limpio PortA
Warning[203]: Found opcode in column 1. (CLRF)
000A   0186           00023 CLRF PortB                      ;Limpio PortB
                      00024 
000B                  00025 LCD_Start
Warning[203]: Found opcode in column 1. (MOVLW)
000B   3038           00026 MOVLW B'00111000'       ;(FUNCTION SET) F = 5x7 puntos, N = 2 lineas, DL = 8 bit
Warning[203]: Found opcode in column 1. (CALL)
000C   202E           00027 CALL Control            ;Llamo a Control
Warning[203]: Found opcode in column 1. (MOVLW)
000D   300C           00028 MOVLW B'00001100'       ;(DISPLAY CONTROL) B = parpadeo off, C = cursor off, D = display on
Warning[203]: Found opcode in column 1. (CALL)
000E   202E           00029 CALL Control            ;Llamo a Control
MPASM  5.51                   PRACTICA 10.ASM   4-11-2018  23:09:35         PAGE  2


LOC  OBJECT CODE     LINE SOURCE TEXT
  VALUE

Warning[203]: Found opcode in column 1. (MOVLW)
000F   3001           00030 MOVLW B'00000001'       ;(CLEAR DISPLAY)
                      00031 
0010                  00032 Restart
Warning[203]: Found opcode in column 1. (CLRF)
0010   018C           00033 CLRF Count                      ;Limpio Count
                      00034 
0011                  00035 Show
Warning[203]: Found opcode in column 1. (MOVF)
0011   080C           00036 MOVF Count,0            ;Muevo Count a W
Warning[203]: Found opcode in column 1. (CALL)
0012   201C           00037 CALL Table                      ;Llamo a Table
Warning[203]: Found opcode in column 1. (CALL)
0013   202C           00038 CALL Character          ;Llamo a Character
Warning[203]: Found opcode in column 1. (INCF)
Message[305]: Using default destination of 1 (file).
0014   0A8C           00039 INCF Count                      ;Incremento Count
Warning[203]: Found opcode in column 1. (MOVLW)
0015   3010           00040 MOVLW .16                       ;Muevo .16 a W (Largo de la oracion, Max = .16
Warning[203]: Found opcode in column 1. (XORWF)
0016   060C           00041 XORWF Count,0           ;W (XOR) F, guardo en W
Warning[203]: Found opcode in column 1. (BTFSS)
0017   1D03           00042 BTFSS Status,2          ;¿Status,2 = 1?
Warning[203]: Found opcode in column 1. (GOTO)
0018   2811           00043 GOTO Show                       ;No, entonces ve a Show
Warning[203]: Found opcode in column 1. (MOVLW)
0019   3001           00044 MOVLW B'00000001'       ;Mueve B'00000001' a W
Warning[203]: Found opcode in column 1. (CALL)
001A   202E           00045 CALL Control            ;Llama a Control
Warning[203]: Found opcode in column 1. (GOTO)
001B   2810           00046 GOTO Restart            ;Ve a Restart
                      00047 
001C                  00048 Table
Warning[203]: Found opcode in column 1. (ADDWF)
Message[305]: Using default destination of 1 (file).
001C   0782           00049 ADDWF PCL                       ;Añade W a PCL
Warning[205]: Found directive in column 1. (DT)
001D   3448 3465 346C 00050 DT "Hello World! ;)";Muestra
       346C 346F 3420 
       3457 346F 3472 
       346C 3464 3421 
       3420 343B 3429 
                      00051 
002C                  00052 Character
Warning[203]: Found opcode in column 1. (BSF)
002C   1405           00053 BSF PortA,0                     ;Porta,0 = 1 (Rs = 1)
Warning[203]: Found opcode in column 1. (GOTO)
002D   282F           00054 GOTO Load                       ;Ve a Load
                      00055 
002E                  00056 Control
Warning[203]: Found opcode in column 1. (BCF)
002E   1005           00057 BCF PortA,0                     ;Rs = 0, Modo Comando Rs = 0 y R/W = 0, Modo Lectura Rs = 0 y R/W = 1
                      00058 
MPASM  5.51                   PRACTICA 10.ASM   4-11-2018  23:09:35         PAGE  3


LOC  OBJECT CODE     LINE SOURCE TEXT
  VALUE

002F                  00059 Load
Warning[203]: Found opcode in column 1. (MOVWF)
002F   0086           00060 MOVWF PortB                     ;Mueve W a F
Warning[203]: Found opcode in column 1. (BSF)
0030   1485           00061 BSF PortA,1                     ;PortA,1 = 1
Warning[203]: Found opcode in column 1. (CALL)
0031   2034           00062 CALL DelayLCD           ;Llama a DelayLCD (78,74ms)
Warning[203]: Found opcode in column 1. (BCF)
0032   1085           00063 BCF PortA,1                     ;PortA,1 = 0
Warning[203]: Found opcode in column 1. (CALL)
0033   2034           00064 CALL DelayLCD           ;Llama a DelayLCD (78,74ms)
                      00065 
0034                  00066 DelayLCD
Warning[203]: Found opcode in column 1. (MOVLW)
Warning[202]: Argument out of range.  Least significant bits used.
0034   3000           00067 MOVLW .256                      ;Mueve .256 a W
Warning[203]: Found opcode in column 1. (MOVWF)
0035   008D           00068 MOVWF Count2            ;Mueve W a Count2
0036                  00069 Loopcount3
Warning[203]: Found opcode in column 1. (MOVLW)
Warning[202]: Argument out of range.  Least significant bits used.
0036   3000           00070 MOVLW .256                      ;Mueve .256 a W
Warning[203]: Found opcode in column 1. (MOVWF)
0037   008E           00071 MOVWF Count3            ;Mueve .256 a Count3
0038                  00072 Loopdec
Warning[203]: Found opcode in column 1. (DECFSZ)
Message[305]: Using default destination of 1 (file).
0038   0B8E           00073 DECFSZ Count3           ;¿Count3 decrementó = 0?
Warning[203]: Found opcode in column 1. (GOTO)
0039   2838           00074 GOTO Loopdec            ;No, entonces ve a Loopdec
Warning[203]: Found opcode in column 1. (DECFSZ)
Message[305]: Using default destination of 1 (file).
003A   0B8D           00075 DECFSZ Count2           ;Si, entonces ¿Count2 decrementó = 0?
Warning[203]: Found opcode in column 1. (GOTO)
003B   2836           00076 GOTO Loopcount3         ;No, entonces ve a Loopcount2
                      00077 
Warning[203]: Found opcode in column 1. (RETURN)
003C   0008           00078 RETURN
                      00079 
Warning[205]: Found directive in column 1. (END)
                      00080 END
MPASM  5.51                   PRACTICA 10.ASM   4-11-2018  23:09:35         PAGE  4


SYMBOL TABLE
  LABEL                             VALUE 

C                                 00000000
Character                         0000002C
Control                           0000002E
Count                             0000000C
Count2                            0000000D
Count3                            0000000E
DC                                00000001
DelayLCD                          00000034
EEADR                             00000009
EECON1                            00000088
EECON2                            00000089
EEDATA                            00000008
EEIE                              00000006
EEIF                              00000004
F                                 00000001
FSR                               00000004
GIE                               00000007
INDF                              00000000
INTCON                            0000000B
INTE                              00000004
INTEDG                            00000006
INTF                              00000001
IRP                               00000007
LCD_Start                         0000000B
Load                              0000002F
Loopcount3                        00000036
Loopdec                           00000038
Main                              00000005
NOT_PD                            00000003
NOT_RBPU                          00000007
NOT_TO                            00000004
OPTION_REG                        00000081
PCL                               00000002
PCLATH                            0000000A
PORTA                             00000005
PORTB                             00000006
PS0                               00000000
PS1                               00000001
PS2                               00000002
PSA                               00000003
PortA                             00000005
PortB                             00000006
RA0                               00000000
RA1                               00000001
RA2                               00000002
RA3                               00000003
RA4                               00000004
RB0                               00000000
RB1                               00000001
RB2                               00000002
RB3                               00000003
RB4                               00000004
RB5                               00000005
MPASM  5.51                   PRACTICA 10.ASM   4-11-2018  23:09:35         PAGE  5


SYMBOL TABLE
  LABEL                             VALUE 

RB6                               00000006
RB7                               00000007
RBIE                              00000003
RBIF                              00000000
RD                                00000000
RP0                               00000005
RP1                               00000006
Restart                           00000010
STATUS                            00000003
Show                              00000011
Status                            00000003
T0CS                              00000005
T0IE                              00000005
T0IF                              00000002
T0SE                              00000004
TMR0                              00000001
TMR0IE                            00000005
TMR0IF                            00000002
TRISA                             00000085
TRISA0                            00000000
TRISA1                            00000001
TRISA2                            00000002
TRISA3                            00000003
TRISA4                            00000004
TRISB                             00000086
TRISB0                            00000000
TRISB1                            00000001
TRISB2                            00000002
TRISB3                            00000003
TRISB4                            00000004
TRISB5                            00000005
TRISB6                            00000006
TRISB7                            00000007
Table                             0000001C
TrisA                             00000085
TrisB                             00000086
W                                 00000000
WR                                00000001
WREN                              00000002
WRERR                             00000003
Z                                 00000002
_CONFIG                           00002007
_CP_OFF                           00003FFF
_CP_ON                            0000000F
_FOSC_EXTRC                       00003FFF
_FOSC_HS                          00003FFE
_FOSC_LP                          00003FFC
_FOSC_XT                          00003FFD
_HS_OSC                           00003FFE
_IDLOC0                           00002000
_IDLOC1                           00002001
_IDLOC2                           00002002
_IDLOC3                           00002003
MPASM  5.51                   PRACTICA 10.ASM   4-11-2018  23:09:35         PAGE  6


SYMBOL TABLE
  LABEL                             VALUE 

_LP_OSC                           00003FFC
_PWRTE_OFF                        00003FFF
_PWRTE_ON                         00003FF7
_RC_OSC                           00003FFF
_WDTE_OFF                         00003FFB
_WDTE_ON                          00003FFF
_WDT_OFF                          00003FFB
_WDT_ON                           00003FFF
_XT_OSC                           00003FFD
__16F84A                          00000001
__DEBUG                           1


MEMORY USAGE MAP ('X' = Used,  '-' = Unused)

0000 : X----XXXXXXXXXXX XXXXXXXXXXXXXXXX XXXXXXXXXXXXXXXX XXXXXXXXXXXXX---
2000 : -------X-------- ---------------- ---------------- ----------------

All other memory blocks unused.

Program Memory Words Used:    57
Program Memory Words Free:   967


Errors   :     0
Warnings :    47 reported,     0 suppressed
Messages :     7 reported,     0 suppressed

